// Jest Snapshot v1, https://goo.gl/fbAQLP

exports[`PostTemplate renders correctly 1`] = `
<div
  className="layout"
>
  <div
    className="post"
  >
    <a
      className="post__home-button"
      href="/"
    >
      All Articles
    </a>
    <div
      className="post__content"
    >
      <div
        className="content"
      >
        <h1
          className="content__title"
        >
          test
        </h1>
        <div
          className="content__body"
        >
          <div
            className="meta"
          >
            <p
              className="meta__date"
            >
              Published 
              Aug 31, 2016
            </p>
          </div>
        </div>
        <div
          className="content__body"
          dangerouslySetInnerHTML={
            Object {
              "__html": "<p>test</p>",
            }
          }
        />
      </div>
    </div>
    <div
      className="post__footer"
    >
      <div
        className="author"
      >
        <p
          className="author__bio"
        >
          <a
            className="author__bio-twitter"
            href="https://www.twitter.com/#"
            rel="noopener noreferrer"
            target="_blank"
          >
            <strong>
              Test name
            </strong>
             on Twitter
          </a>
        </p>
      </div>
    </div>
    <div
      className="post__comments"
    />
  </div>
</div>
`;
